motor_lib.h:6:5:sign	16	static
motor_lib.h:23:6:motor_wheel_init	16	static
motor_lib.h:54:6:motorPWM_pulse	32	static
motor_lib.h:73:6:set_duty_cycle	16	static
motor_lib.h:80:7:get_duty_cycle	16	static
motor_lib.h:85:6:motorPWM_default	32	static
motor_lib.h:102:6:motor_DIR	16	static
motor_lib.h:127:6:motor_Reverse	16	static
motor_lib.h:133:6:motor_break	16	static
linear_motor_lib.h:16:6:linear_motor_init	16	static
linear_motor_lib.h:26:6:linear_motor_set_target	16	static
linear_motor_lib.h:40:9:linear_motor_get_position	16	static
linear_motor_lib.h:46:6:linear_motor_set_direction	16	static
linear_motor_lib.h:58:9:linear_motor_pulse	32	static
linear_motor_lib.h:114:10:linear_motor_calibrate	48	static
main.c:130:5:main	296	static
main.c:334:6:SystemClock_Config	80	static
main.c:369:13:MX_TIM1_Init	96	static
main.c:456:13:MX_TIM3_Init	32	static
main.c:516:13:MX_TIM15_Init	96	static
main.c:595:13:MX_USART3_UART_Init	8	static
main.c:628:13:MX_DMA_Init	16	static
main.c:646:13:MX_GPIO_Init	56	static
main.c:685:6:UART_Send	16	static
main.c:692:6:drv_messageCheck	128	static
main.c:747:6:cal_messageCheck	64	static
main.c:764:6:calculate_angles	24	static
main.c:786:6:calculate_pulses	24	static
main.c:808:6:HAL_TIM_PWM_PulseFinishedCallback	16	static
main.c:838:6:HAL_TIM_IC_CaptureCallback	32	static
main.c:916:6:HAL_UART_TxCpltCallback	16	static
main.c:921:6:HAL_UART_RxCpltCallback	16	static
main.c:972:6:Error_Handler	8	static,ignoring_inline_asm
