motor_lib.h:6:5:sign	16	static
motor_lib.h:23:6:motor_wheel_init	16	static
motor_lib.h:52:6:motorPWM_pulse	32	static
motor_lib.h:65:6:set_duty_cycle	16	static
motor_lib.h:72:7:get_duty_cycle	16	static
motor_lib.h:77:6:motorPWM_default	32	static
motor_lib.h:94:6:motor_DIR	16	static
motor_lib.h:119:6:motor_Reverse	16	static
motor_lib.h:125:6:motor_break	16	static
linear_motor_lib.h:16:6:linear_motor_init	16	static
linear_motor_lib.h:26:6:linear_motor_set_target	16	static
linear_motor_lib.h:40:9:linear_motor_get_position	16	static
linear_motor_lib.h:46:6:linear_motor_set_direction	16	static
linear_motor_lib.h:58:9:linear_motor_pulse	32	static
main.c:117:6:set_linear_motor	16	static
main.c:127:6:memset_volatile	32	static
main.c:144:6:UART_Send	16	static
main.c:163:5:main	360	static
main.c:391:6:SystemClock_Config	80	static
main.c:426:13:MX_TIM1_Init	96	static
main.c:513:13:MX_TIM3_Init	32	static
main.c:573:13:MX_TIM15_Init	96	static
main.c:652:13:MX_USART2_UART_Init	8	static
main.c:685:13:MX_DMA_Init	16	static
main.c:703:13:MX_GPIO_Init	56	static
main.c:730:6:HAL_TIM_PWM_PulseFinishedCallback	16	static
main.c:760:6:HAL_TIM_IC_CaptureCallback	32	static
main.c:840:6:drv_messageCheck	128	static
main.c:869:6:HAL_UART_TxCpltCallback	16	static
main.c:876:6:HAL_UART_RxCpltCallback	16	static
main.c:977:6:Error_Handler	8	static,ignoring_inline_asm
