motor_lib.h:6:5:sign	16	static
motor_lib.h:23:6:motor_wheel_init	16	static
motor_lib.h:52:6:motorPWM_pulse	32	static
motor_lib.h:65:6:set_duty_cycle	16	static
motor_lib.h:72:7:get_duty_cycle	16	static
motor_lib.h:77:6:motorPWM_default	32	static
motor_lib.h:94:6:motor_DIR	16	static
motor_lib.h:119:6:motor_Reverse	16	static
motor_lib.h:125:6:motor_break	16	static
linear_motor_lib.h:16:6:linear_motor_init	16	static
linear_motor_lib.h:26:6:linear_motor_set_target	16	static
linear_motor_lib.h:40:9:linear_motor_get_position	16	static
linear_motor_lib.h:46:6:linear_motor_set_direction	16	static
linear_motor_lib.h:58:9:linear_motor_pulse	32	static
main.c:127:5:main	256	static
main.c:317:6:SystemClock_Config	80	static
main.c:352:13:MX_TIM1_Init	96	static
main.c:439:13:MX_TIM3_Init	32	static
main.c:499:13:MX_TIM15_Init	96	static
main.c:578:13:MX_USART2_UART_Init	8	static
main.c:611:13:MX_DMA_Init	16	static
main.c:629:13:MX_GPIO_Init	56	static
main.c:656:6:UART_Send	16	static
main.c:663:6:drv_messageCheck	128	static
main.c:695:6:HAL_TIM_PWM_PulseFinishedCallback	16	static
main.c:725:6:HAL_TIM_IC_CaptureCallback	32	static
main.c:803:6:HAL_UART_TxCpltCallback	16	static
main.c:808:6:HAL_UART_RxCpltCallback	16	static
main.c:859:6:Error_Handler	8	static,ignoring_inline_asm
