motor_lib.h:6:5:sign	16	static
motor_lib.h:23:6:motor_wheel_init	16	static
motor_lib.h:54:6:motorPWM_pulse	32	static
motor_lib.h:73:6:set_duty_cycle	16	static
motor_lib.h:80:7:get_duty_cycle	16	static
motor_lib.h:85:6:motorPWM_default	32	static
motor_lib.h:102:6:motor_DIR	16	static
motor_lib.h:127:6:motor_Reverse	16	static
motor_lib.h:133:6:motor_break	16	static
linear_motor_lib.h:16:6:linear_motor_init	16	static
linear_motor_lib.h:26:6:linear_motor_set_target	16	static
linear_motor_lib.h:40:9:linear_motor_get_position	16	static
linear_motor_lib.h:46:6:linear_motor_set_direction	16	static
linear_motor_lib.h:58:9:linear_motor_pulse	32	static
linear_motor_lib.h:114:10:linear_motor_calibrate	48	static
main.c:129:5:main	296	static
main.c:333:6:SystemClock_Config	80	static
main.c:368:13:MX_TIM1_Init	96	static
main.c:455:13:MX_TIM3_Init	32	static
main.c:515:13:MX_TIM15_Init	96	static
main.c:594:13:MX_USART3_UART_Init	8	static
main.c:627:13:MX_DMA_Init	16	static
main.c:645:13:MX_GPIO_Init	56	static
main.c:684:6:UART_Send	16	static
main.c:691:6:drv_messageCheck	128	static
main.c:741:6:cal_messageCheck	64	static
main.c:758:6:calculate_angles	48	static
main.c:773:6:HAL_TIM_PWM_PulseFinishedCallback	16	static
main.c:803:6:HAL_TIM_IC_CaptureCallback	32	static
main.c:881:6:HAL_UART_TxCpltCallback	16	static
main.c:886:6:HAL_UART_RxCpltCallback	16	static
main.c:937:6:Error_Handler	8	static,ignoring_inline_asm
