../Core/Src/stm32f0xx_it.c:74:6:NMI_Handler	8	static
../Core/Src/stm32f0xx_it.c:89:6:HardFault_Handler	8	static
../Core/Src/stm32f0xx_it.c:105:6:SVC_Handler	8	static
../Core/Src/stm32f0xx_it.c:118:6:PendSV_Handler	8	static
../Core/Src/stm32f0xx_it.c:131:6:SysTick_Handler	8	static
../Core/Src/stm32f0xx_it.c:152:6:DMA1_Channel2_3_IRQHandler	8	static
../Core/Src/stm32f0xx_it.c:167:6:TIM3_IRQHandler	8	static
../Core/Src/stm32f0xx_it.c:181:6:TIM15_IRQHandler	8	static
../Core/Src/stm32f0xx_it.c:195:6:USART3_4_IRQHandler	8	static
